This file contains any messages produced by compilers while
running configure, to aid debugging if configure makes a mistake.

It was created by interp4cmds-2libs configure 1.0, which was
generated by GNU Autoconf 2.71.  Invocation command line was

  $ ./configure

## --------- ##
## Platform. ##
## --------- ##

hostname = marcin-laptop
uname -m = x86_64
uname -r = 6.8.0-88-generic
uname -s = Linux
uname -v = #89-Ubuntu SMP PREEMPT_DYNAMIC Sat Oct 11 01:02:46 UTC 2025

/usr/bin/uname -p = x86_64
/bin/uname -X     = unknown

/bin/arch              = x86_64
/usr/bin/arch -k       = unknown
/usr/convex/getsysinfo = unknown
/usr/bin/hostinfo      = unknown
/bin/machine           = unknown
/usr/bin/oslevel       = unknown
/bin/universe          = unknown

PATH: /home/marcin/bin/
PATH: /home/marcin/bin/
PATH: /usr/local/sbin/
PATH: /usr/local/bin/
PATH: /usr/sbin/
PATH: /usr/bin/
PATH: /sbin/
PATH: /bin/
PATH: /usr/games/
PATH: /usr/local/games/
PATH: /snap/bin/
PATH: /home/marcin/.vscode/extensions/ms-python.debugpy-2025.14.1-linux-x64/bundled/scripts/noConfigScripts/


## ----------- ##
## Core tests. ##
## ----------- ##

configure:2710: looking for aux files: config.guess config.sub ltmain.sh compile ar-lib missing install-sh
configure:2723:  trying ./
configure:2752:   ./config.guess found
configure:2752:   ./config.sub found
configure:2752:   ./ltmain.sh found
configure:2752:   ./compile found
configure:2752:   ./ar-lib found
configure:2752:   ./missing found
configure:2734:   ./install-sh found
configure:2881: checking for a BSD-compatible install
configure:2954: result: /usr/bin/install -c
configure:2965: checking whether build environment is sane
configure:3020: result: yes
configure:3179: checking for a race-free mkdir -p
configure:3223: result: /usr/bin/mkdir -p
configure:3230: checking for gawk
configure:3251: found /usr/bin/gawk
configure:3262: result: gawk
configure:3273: checking whether make sets $(MAKE)
configure:3296: result: yes
configure:3326: checking whether make supports nested variables
configure:3344: result: yes
configure:3493: checking whether make supports the include directive
configure:3508: make -f confmf.GNU && cat confinc.out
this is the am__doit target
configure:3511: $? = 0
configure:3530: result: yes (GNU style)
configure:3606: checking for gcc
configure:3627: found /usr/bin/gcc
configure:3638: result: gcc
configure:3991: checking for C compiler version
configure:4000: gcc --version >&5
gcc (Ubuntu 13.3.0-6ubuntu2~24.04) 13.3.0
Copyright (C) 2023 Free Software Foundation, Inc.
This is free software; see the source for copying conditions.  There is NO
warranty; not even for MERCHANTABILITY or FITNESS FOR A PARTICULAR PURPOSE.

configure:4011: $? = 0
configure:4000: gcc -v >&5
Using built-in specs.
COLLECT_GCC=gcc
COLLECT_LTO_WRAPPER=/usr/libexec/gcc/x86_64-linux-gnu/13/lto-wrapper
OFFLOAD_TARGET_NAMES=nvptx-none:amdgcn-amdhsa
OFFLOAD_TARGET_DEFAULT=1
Target: x86_64-linux-gnu
Configured with: ../src/configure -v --with-pkgversion='Ubuntu 13.3.0-6ubuntu2~24.04' --with-bugurl=file:///usr/share/doc/gcc-13/README.Bugs --enable-languages=c,ada,c++,go,d,fortran,objc,obj-c++,m2 --prefix=/usr --with-gcc-major-version-only --program-suffix=-13 --program-prefix=x86_64-linux-gnu- --enable-shared --enable-linker-build-id --libexecdir=/usr/libexec --without-included-gettext --enable-threads=posix --libdir=/usr/lib --enable-nls --enable-bootstrap --enable-clocale=gnu --enable-libstdcxx-debug --enable-libstdcxx-time=yes --with-default-libstdcxx-abi=new --enable-libstdcxx-backtrace --enable-gnu-unique-object --disable-vtable-verify --enable-plugin --enable-default-pie --with-system-zlib --enable-libphobos-checking=release --with-target-system-zlib=auto --enable-objc-gc=auto --enable-multiarch --disable-werror --enable-cet --with-arch-32=i686 --with-abi=m64 --with-multilib-list=m32,m64,mx32 --enable-multilib --with-tune=generic --enable-offload-targets=nvptx-none=/build/gcc-13-fG75Ri/gcc-13-13.3.0/debian/tmp-nvptx/usr,amdgcn-amdhsa=/build/gcc-13-fG75Ri/gcc-13-13.3.0/debian/tmp-gcn/usr --enable-offload-defaulted --without-cuda-driver --enable-checking=release --build=x86_64-linux-gnu --host=x86_64-linux-gnu --target=x86_64-linux-gnu --with-build-config=bootstrap-lto-lean --enable-link-serialization=2
Thread model: posix
Supported LTO compression algorithms: zlib zstd
gcc version 13.3.0 (Ubuntu 13.3.0-6ubuntu2~24.04) 
... rest of stderr output deleted ...
configure:4011: $? = 0
configure:4000: gcc -V >&5
gcc: error: unrecognized command-line option '-V'
gcc: fatal error: no input files
compilation terminated.
configure:4011: $? = 1
configure:4000: gcc -qversion >&5
gcc: error: unrecognized command-line option '-qversion'; did you mean '--version'?
gcc: fatal error: no input files
compilation terminated.
configure:4011: $? = 1
configure:4000: gcc -version >&5
gcc: error: unrecognized command-line option '-version'
gcc: fatal error: no input files
compilation terminated.
configure:4011: $? = 1
configure:4031: checking whether the C compiler works
configure:4053: gcc    conftest.c  >&5
configure:4057: $? = 0
configure:4107: result: yes
configure:4110: checking for C compiler default output file name
configure:4112: result: a.out
configure:4118: checking for suffix of executables
configure:4125: gcc -o conftest    conftest.c  >&5
configure:4129: $? = 0
configure:4152: result: 
configure:4174: checking whether we are cross compiling
configure:4182: gcc -o conftest    conftest.c  >&5
configure:4186: $? = 0
configure:4193: ./conftest
configure:4197: $? = 0
configure:4212: result: no
configure:4217: checking for suffix of object files
configure:4240: gcc -c   conftest.c >&5
configure:4244: $? = 0
configure:4266: result: o
configure:4270: checking whether the compiler supports GNU C
configure:4290: gcc -c   conftest.c >&5
configure:4290: $? = 0
configure:4300: result: yes
configure:4311: checking whether gcc accepts -g
configure:4332: gcc -c -g  conftest.c >&5
configure:4332: $? = 0
configure:4376: result: yes
configure:4396: checking for gcc option to enable C11 features
configure:4411: gcc  -c -g -O2  conftest.c >&5
configure:4411: $? = 0
configure:4429: result: none needed
configure:4545: checking whether gcc understands -c and -o together
configure:4568: gcc -c conftest.c -o conftest2.o
configure:4571: $? = 0
configure:4568: gcc -c conftest.c -o conftest2.o
configure:4571: $? = 0
configure:4583: result: yes
configure:4602: checking dependency style of gcc
configure:4714: result: gcc3
configure:4785: checking for ar
configure:4806: found /usr/bin/ar
configure:4817: result: ar
configure:4843: checking the archiver (ar) interface
configure:4860: gcc -c -g -O2  conftest.c >&5
configure:4860: $? = 0
configure:4863: ar cru libconftest.a conftest.o >&5
ar: `u' modifier ignored since `D' is the default (see `U')
configure:4866: $? = 0
configure:4894: result: ar
configure:4946: checking build system type
configure:4961: result: x86_64-pc-linux-gnu
configure:4981: checking host system type
configure:4995: result: x86_64-pc-linux-gnu
configure:5036: checking how to print strings
configure:5063: result: printf
configure:5084: checking for a sed that does not truncate output
configure:5154: result: /usr/bin/sed
configure:5172: checking for grep that handles long lines and -e
configure:5236: result: /usr/bin/grep
configure:5241: checking for egrep
configure:5309: result: /usr/bin/grep -E
configure:5314: checking for fgrep
configure:5382: result: /usr/bin/grep -F
configure:5418: checking for ld used by gcc
configure:5486: result: /usr/bin/ld
configure:5493: checking if the linker (/usr/bin/ld) is GNU ld
configure:5509: result: yes
configure:5521: checking for BSD- or MS-compatible name lister (nm)
configure:5576: result: /usr/bin/nm -B
configure:5716: checking the name lister (/usr/bin/nm -B) interface
configure:5724: gcc -c -g -O2  conftest.c >&5
configure:5727: /usr/bin/nm -B "conftest.o"
configure:5730: output
0000000000000000 B some_variable
configure:5737: result: BSD nm
configure:5740: checking whether ln -s works
configure:5744: result: yes
configure:5752: checking the maximum length of command line arguments
configure:5884: result: 1572864
configure:5932: checking how to convert x86_64-pc-linux-gnu file names to x86_64-pc-linux-gnu format
configure:5973: result: func_convert_file_noop
configure:5980: checking how to convert x86_64-pc-linux-gnu file names to toolchain format
configure:6001: result: func_convert_file_noop
configure:6008: checking for /usr/bin/ld option to reload object files
configure:6016: result: -r
configure:6095: checking for file
configure:6116: found /usr/bin/file
configure:6127: result: file
configure:6203: checking for objdump
configure:6224: found /usr/bin/objdump
configure:6235: result: objdump
configure:6267: checking how to recognize dependent libraries
configure:6468: result: pass_all
configure:6558: checking for dlltool
configure:6593: result: no
configure:6623: checking how to associate runtime and link libraries
configure:6651: result: printf %s\n
configure:6801: checking for archiver @FILE support
configure:6819: gcc -c -g -O2  conftest.c >&5
configure:6819: $? = 0
configure:6823: ar cr libconftest.a @conftest.lst >&5
configure:6826: $? = 0
configure:6831: ar cr libconftest.a @conftest.lst >&5
ar: conftest.o: No such file or directory
configure:6834: $? = 1
configure:6846: result: @
configure:6909: checking for strip
configure:6930: found /usr/bin/strip
configure:6941: result: strip
configure:7018: checking for ranlib
configure:7039: found /usr/bin/ranlib
configure:7050: result: ranlib
configure:7152: checking command to parse /usr/bin/nm -B output from gcc object
configure:7306: gcc -c -g -O2  conftest.c >&5
configure:7309: $? = 0
configure:7313: /usr/bin/nm -B conftest.o | /usr/bin/sed -n -e 's/^.*[	 ]\([ABCDGIRSTW][ABCDGIRSTW]*\)[	 ][	 ]*\([_A-Za-z][_A-Za-z0-9]*\)$/\1 \2 \2/p' | /usr/bin/sed '/ __gnu_lto/d' > conftest.nm
configure:7379: gcc -o conftest -g -O2   conftest.c conftstm.o >&5
configure:7382: $? = 0
configure:7420: result: ok
configure:7467: checking for sysroot
configure:7498: result: no
configure:7505: checking for a working dd
configure:7549: result: /usr/bin/dd
configure:7553: checking how to truncate binary pipes
configure:7569: result: /usr/bin/dd bs=4096 count=1
configure:7706: gcc -c -g -O2  conftest.c >&5
configure:7709: $? = 0
configure:7906: checking for mt
configure:7927: found /usr/bin/mt
configure:7938: result: mt
configure:7961: checking if mt is a manifest tool
configure:7968: mt '-?'
configure:7976: result: no
configure:8701: checking for stdio.h
configure:8701: gcc -c -g -O2  conftest.c >&5
configure:8701: $? = 0
configure:8701: result: yes
configure:8701: checking for stdlib.h
configure:8701: gcc -c -g -O2  conftest.c >&5
configure:8701: $? = 0
configure:8701: result: yes
configure:8701: checking for string.h
configure:8701: gcc -c -g -O2  conftest.c >&5
configure:8701: $? = 0
configure:8701: result: yes
configure:8701: checking for inttypes.h
configure:8701: gcc -c -g -O2  conftest.c >&5
configure:8701: $? = 0
configure:8701: result: yes
configure:8701: checking for stdint.h
configure:8701: gcc -c -g -O2  conftest.c >&5
configure:8701: $? = 0
configure:8701: result: yes
configure:8701: checking for strings.h
configure:8701: gcc -c -g -O2  conftest.c >&5
configure:8701: $? = 0
configure:8701: result: yes
configure:8701: checking for sys/stat.h
configure:8701: gcc -c -g -O2  conftest.c >&5
configure:8701: $? = 0
configure:8701: result: yes
configure:8701: checking for sys/types.h
configure:8701: gcc -c -g -O2  conftest.c >&5
configure:8701: $? = 0
configure:8701: result: yes
configure:8701: checking for unistd.h
configure:8701: gcc -c -g -O2  conftest.c >&5
configure:8701: $? = 0
configure:8701: result: yes
configure:8726: checking for dlfcn.h
configure:8726: gcc -c -g -O2  conftest.c >&5
configure:8726: $? = 0
configure:8726: result: yes
configure:8985: checking for objdir
configure:9001: result: .libs
configure:9265: checking if gcc supports -fno-rtti -fno-exceptions
configure:9284: gcc -c -g -O2  -fno-rtti -fno-exceptions conftest.c >&5
cc1: warning: command-line option '-fno-rtti' is valid for C++/D/ObjC++ but not for C
configure:9288: $? = 0
configure:9301: result: no
configure:9665: checking for gcc option to produce PIC
configure:9673: result: -fPIC -DPIC
configure:9681: checking if gcc PIC flag -fPIC -DPIC works
configure:9700: gcc -c -g -O2  -fPIC -DPIC -DPIC conftest.c >&5
configure:9704: $? = 0
configure:9717: result: yes
configure:9746: checking if gcc static flag -static works
configure:9775: result: yes
configure:9790: checking if gcc supports -c -o file.o
configure:9812: gcc -c -g -O2  -o out/conftest2.o conftest.c >&5
configure:9816: $? = 0
configure:9838: result: yes
configure:9846: checking if gcc supports -c -o file.o
configure:9894: result: yes
configure:9927: checking whether the gcc linker (/usr/bin/ld -m elf_x86_64) supports shared libraries
configure:11201: result: yes
configure:11238: checking whether -lc should be explicitly linked in
configure:11247: gcc -c -g -O2  conftest.c >&5
configure:11250: $? = 0
configure:11265: gcc -shared  -fPIC -DPIC conftest.o  -v -Wl,-soname -Wl,conftest -o conftest 2\>\&1 \| /usr/bin/grep  -lc  \>/dev/null 2\>\&1
configure:11268: $? = 0
configure:11282: result: no
configure:11442: checking dynamic linker characteristics
configure:12024: gcc -o conftest -g -O2   -Wl,-rpath -Wl,/foo conftest.c  >&5
configure:12024: $? = 0
configure:12275: result: GNU/Linux ld.so
configure:12397: checking how to hardcode library paths into programs
configure:12422: result: immediate
configure:12974: checking whether stripping libraries is possible
configure:12983: result: yes
configure:13025: checking if libtool supports shared libraries
configure:13027: result: yes
configure:13030: checking whether to build shared libraries
configure:13055: result: yes
configure:13058: checking whether to build static libraries
configure:13062: result: yes
configure:13174: checking for g++
configure:13195: found /usr/bin/g++
configure:13206: result: g++
configure:13233: checking for C++ compiler version
configure:13242: g++ --version >&5
g++ (Ubuntu 13.3.0-6ubuntu2~24.04) 13.3.0
Copyright (C) 2023 Free Software Foundation, Inc.
This is free software; see the source for copying conditions.  There is NO
warranty; not even for MERCHANTABILITY or FITNESS FOR A PARTICULAR PURPOSE.

configure:13253: $? = 0
configure:13242: g++ -v >&5
Using built-in specs.
COLLECT_GCC=g++
COLLECT_LTO_WRAPPER=/usr/libexec/gcc/x86_64-linux-gnu/13/lto-wrapper
OFFLOAD_TARGET_NAMES=nvptx-none:amdgcn-amdhsa
OFFLOAD_TARGET_DEFAULT=1
Target: x86_64-linux-gnu
Configured with: ../src/configure -v --with-pkgversion='Ubuntu 13.3.0-6ubuntu2~24.04' --with-bugurl=file:///usr/share/doc/gcc-13/README.Bugs --enable-languages=c,ada,c++,go,d,fortran,objc,obj-c++,m2 --prefix=/usr --with-gcc-major-version-only --program-suffix=-13 --program-prefix=x86_64-linux-gnu- --enable-shared --enable-linker-build-id --libexecdir=/usr/libexec --without-included-gettext --enable-threads=posix --libdir=/usr/lib --enable-nls --enable-bootstrap --enable-clocale=gnu --enable-libstdcxx-debug --enable-libstdcxx-time=yes --with-default-libstdcxx-abi=new --enable-libstdcxx-backtrace --enable-gnu-unique-object --disable-vtable-verify --enable-plugin --enable-default-pie --with-system-zlib --enable-libphobos-checking=release --with-target-system-zlib=auto --enable-objc-gc=auto --enable-multiarch --disable-werror --enable-cet --with-arch-32=i686 --with-abi=m64 --with-multilib-list=m32,m64,mx32 --enable-multilib --with-tune=generic --enable-offload-targets=nvptx-none=/build/gcc-13-fG75Ri/gcc-13-13.3.0/debian/tmp-nvptx/usr,amdgcn-amdhsa=/build/gcc-13-fG75Ri/gcc-13-13.3.0/debian/tmp-gcn/usr --enable-offload-defaulted --without-cuda-driver --enable-checking=release --build=x86_64-linux-gnu --host=x86_64-linux-gnu --target=x86_64-linux-gnu --with-build-config=bootstrap-lto-lean --enable-link-serialization=2
Thread model: posix
Supported LTO compression algorithms: zlib zstd
gcc version 13.3.0 (Ubuntu 13.3.0-6ubuntu2~24.04) 
... rest of stderr output deleted ...
configure:13253: $? = 0
configure:13242: g++ -V >&5
g++: error: unrecognized command-line option '-V'
g++: fatal error: no input files
compilation terminated.
configure:13253: $? = 1
configure:13242: g++ -qversion >&5
g++: error: unrecognized command-line option '-qversion'; did you mean '--version'?
g++: fatal error: no input files
compilation terminated.
configure:13253: $? = 1
configure:13257: checking whether the compiler supports GNU C++
configure:13277: g++ -c   conftest.cpp >&5
configure:13277: $? = 0
configure:13287: result: yes
configure:13298: checking whether g++ accepts -g
configure:13319: g++ -c -g  conftest.cpp >&5
configure:13319: $? = 0
configure:13363: result: yes
configure:13383: checking for g++ option to enable C++11 features
configure:13398: g++  -c -g -O2  conftest.cpp >&5
conftest.cpp: In function 'int main(int, char**)':
conftest.cpp:189:25: warning: empty parentheses were disambiguated as a function declaration [-Wvexing-parse]
  189 |   cxx11test::delegate d2();
      |                         ^~
conftest.cpp:189:25: note: remove parentheses to default-initialize a variable
  189 |   cxx11test::delegate d2();
      |                         ^~
      |                         --
conftest.cpp:189:25: note: or replace parentheses with braces to value-initialize a variable
configure:13398: $? = 0
configure:13416: result: none needed
configure:13482: checking dependency style of g++
configure:13594: result: gcc3
configure:13627: checking how to run the C++ preprocessor
configure:13649: g++ -E  conftest.cpp
configure:13649: $? = 0
configure:13664: g++ -E  conftest.cpp
conftest.cpp:23:10: fatal error: ac_nonexistent.h: No such file or directory
   23 | #include <ac_nonexistent.h>
      |          ^~~~~~~~~~~~~~~~~~
compilation terminated.
configure:13664: $? = 1
configure: failed program was:
| /* confdefs.h */
| #define PACKAGE_NAME "interp4cmds-2libs"
| #define PACKAGE_TARNAME "interp4cmds-2libs"
| #define PACKAGE_VERSION "1.0"
| #define PACKAGE_STRING "interp4cmds-2libs 1.0"
| #define PACKAGE_BUGREPORT "mpozniak@diablo.iiar.pwr.wroc.pl"
| #define PACKAGE_URL ""
| #define PACKAGE "interp4cmds-2libs"
| #define VERSION "1.0"
| #define HAVE_STDIO_H 1
| #define HAVE_STDLIB_H 1
| #define HAVE_STRING_H 1
| #define HAVE_INTTYPES_H 1
| #define HAVE_STDINT_H 1
| #define HAVE_STRINGS_H 1
| #define HAVE_SYS_STAT_H 1
| #define HAVE_SYS_TYPES_H 1
| #define HAVE_UNISTD_H 1
| #define STDC_HEADERS 1
| #define HAVE_DLFCN_H 1
| #define LT_OBJDIR ".libs/"
| /* end confdefs.h.  */
| #include <ac_nonexistent.h>
configure:13691: result: g++ -E
configure:13705: g++ -E  conftest.cpp
configure:13705: $? = 0
configure:13720: g++ -E  conftest.cpp
conftest.cpp:23:10: fatal error: ac_nonexistent.h: No such file or directory
   23 | #include <ac_nonexistent.h>
      |          ^~~~~~~~~~~~~~~~~~
compilation terminated.
configure:13720: $? = 1
configure: failed program was:
| /* confdefs.h */
| #define PACKAGE_NAME "interp4cmds-2libs"
| #define PACKAGE_TARNAME "interp4cmds-2libs"
| #define PACKAGE_VERSION "1.0"
| #define PACKAGE_STRING "interp4cmds-2libs 1.0"
| #define PACKAGE_BUGREPORT "mpozniak@diablo.iiar.pwr.wroc.pl"
| #define PACKAGE_URL ""
| #define PACKAGE "interp4cmds-2libs"
| #define VERSION "1.0"
| #define HAVE_STDIO_H 1
| #define HAVE_STDLIB_H 1
| #define HAVE_STRING_H 1
| #define HAVE_INTTYPES_H 1
| #define HAVE_STDINT_H 1
| #define HAVE_STRINGS_H 1
| #define HAVE_SYS_STAT_H 1
| #define HAVE_SYS_TYPES_H 1
| #define HAVE_UNISTD_H 1
| #define STDC_HEADERS 1
| #define HAVE_DLFCN_H 1
| #define LT_OBJDIR ".libs/"
| /* end confdefs.h.  */
| #include <ac_nonexistent.h>
configure:13885: checking for ld used by g++
configure:13953: result: /usr/bin/ld -m elf_x86_64
configure:13960: checking if the linker (/usr/bin/ld -m elf_x86_64) is GNU ld
configure:13976: result: yes
configure:14031: checking whether the g++ linker (/usr/bin/ld -m elf_x86_64) supports shared libraries
configure:15109: result: yes
configure:15145: g++ -c -g -O2  conftest.cpp >&5
configure:15148: $? = 0
configure:15629: checking for g++ option to produce PIC
configure:15637: result: -fPIC -DPIC
configure:15645: checking if g++ PIC flag -fPIC -DPIC works
configure:15664: g++ -c -g -O2  -fPIC -DPIC -DPIC conftest.cpp >&5
configure:15668: $? = 0
configure:15681: result: yes
configure:15704: checking if g++ static flag -static works
configure:15733: result: yes
configure:15745: checking if g++ supports -c -o file.o
configure:15767: g++ -c -g -O2  -o out/conftest2.o conftest.cpp >&5
configure:15771: $? = 0
configure:15793: result: yes
configure:15798: checking if g++ supports -c -o file.o
configure:15846: result: yes
configure:15876: checking whether the g++ linker (/usr/bin/ld -m elf_x86_64) supports shared libraries
configure:15919: result: yes
configure:16061: checking dynamic linker characteristics
configure:16821: result: GNU/Linux ld.so
configure:16886: checking how to hardcode library paths into programs
configure:16911: result: immediate
configure:16963: checking for _init in -lxerces-c
configure:16985: g++ -o conftest -g -O2   conftest.cpp -lxerces-c   >&5
configure:16985: $? = 0
configure:16995: result: yes
configure:17011: checking for library containing dlopen
configure:17040: g++ -o conftest -g -O2   conftest.cpp -lxerces-c  >&5
configure:17040: $? = 0
configure:17060: result: none required
configure:17180: checking that generated files are newer than configure
configure:17186: result: done
configure:17213: creating ./config.status

## ---------------------- ##
## Running config.status. ##
## ---------------------- ##

This file was extended by interp4cmds-2libs config.status 1.0, which was
generated by GNU Autoconf 2.71.  Invocation command line was

  CONFIG_FILES    = 
  CONFIG_HEADERS  = 
  CONFIG_LINKS    = 
  CONFIG_COMMANDS = 
  $ ./config.status 

on marcin-laptop

config.status:1150: creating Makefile
config.status:1150: creating src/Makefile
config.status:1150: creating inc/Makefile
config.status:1150: creating src-lib/Makefile
config.status:1150: creating config.h
config.status:1331: config.h is unchanged
config.status:1379: executing depfiles commands
config.status:1456: cd src       && sed -e '/# am--include-marker/d' Makefile         | make -f - am--depfiles
make: Nothing to be done for 'am--depfiles'.
config.status:1461: $? = 0
config.status:1456: cd src-lib       && sed -e '/# am--include-marker/d' Makefile         | make -f - am--depfiles
make: Nothing to be done for 'am--depfiles'.
config.status:1461: $? = 0
config.status:1379: executing libtool commands

## ---------------- ##
## Cache variables. ##
## ---------------- ##

ac_cv_build=x86_64-pc-linux-gnu
ac_cv_c_compiler_gnu=yes
ac_cv_cxx_compiler_gnu=yes
ac_cv_env_CCC_set=
ac_cv_env_CCC_value=
ac_cv_env_CC_set=
ac_cv_env_CC_value=
ac_cv_env_CFLAGS_set=
ac_cv_env_CFLAGS_value=
ac_cv_env_CPPFLAGS_set=
ac_cv_env_CPPFLAGS_value=
ac_cv_env_CXXCPP_set=
ac_cv_env_CXXCPP_value=
ac_cv_env_CXXFLAGS_set=
ac_cv_env_CXXFLAGS_value=
ac_cv_env_CXX_set=
ac_cv_env_CXX_value=
ac_cv_env_LDFLAGS_set=
ac_cv_env_LDFLAGS_value=
ac_cv_env_LIBS_set=
ac_cv_env_LIBS_value=
ac_cv_env_LT_SYS_LIBRARY_PATH_set=
ac_cv_env_LT_SYS_LIBRARY_PATH_value=
ac_cv_env_build_alias_set=
ac_cv_env_build_alias_value=
ac_cv_env_host_alias_set=
ac_cv_env_host_alias_value=
ac_cv_env_target_alias_set=
ac_cv_env_target_alias_value=
ac_cv_header_dlfcn_h=yes
ac_cv_header_inttypes_h=yes
ac_cv_header_stdint_h=yes
ac_cv_header_stdio_h=yes
ac_cv_header_stdlib_h=yes
ac_cv_header_string_h=yes
ac_cv_header_strings_h=yes
ac_cv_header_sys_stat_h=yes
ac_cv_header_sys_types_h=yes
ac_cv_header_unistd_h=yes
ac_cv_host=x86_64-pc-linux-gnu
ac_cv_lib_xerces_c__init=yes
ac_cv_objext=o
ac_cv_path_EGREP='/usr/bin/grep -E'
ac_cv_path_FGREP='/usr/bin/grep -F'
ac_cv_path_GREP=/usr/bin/grep
ac_cv_path_SED=/usr/bin/sed
ac_cv_path_install='/usr/bin/install -c'
ac_cv_path_lt_DD=/usr/bin/dd
ac_cv_path_mkdir=/usr/bin/mkdir
ac_cv_prog_AWK=gawk
ac_cv_prog_CXXCPP='g++ -E'
ac_cv_prog_ac_ct_AR=ar
ac_cv_prog_ac_ct_CC=gcc
ac_cv_prog_ac_ct_CXX=g++
ac_cv_prog_ac_ct_FILECMD=file
ac_cv_prog_ac_ct_MANIFEST_TOOL=mt
ac_cv_prog_ac_ct_OBJDUMP=objdump
ac_cv_prog_ac_ct_RANLIB=ranlib
ac_cv_prog_ac_ct_STRIP=strip
ac_cv_prog_cc_c11=
ac_cv_prog_cc_g=yes
ac_cv_prog_cc_stdc=
ac_cv_prog_cxx_cxx11=
ac_cv_prog_cxx_g=yes
ac_cv_prog_cxx_stdcxx=
ac_cv_prog_make_make_set=yes
ac_cv_search_dlopen='none required'
am_cv_CC_dependencies_compiler_type=gcc3
am_cv_CXX_dependencies_compiler_type=gcc3
am_cv_ar_interface=ar
am_cv_make_support_nested_variables=yes
am_cv_prog_cc_c_o=yes
lt_cv_ar_at_file=@
lt_cv_archive_cmds_need_lc=no
lt_cv_deplibs_check_method=pass_all
lt_cv_file_magic_cmd='$MAGIC_CMD'
lt_cv_file_magic_test_file=
lt_cv_ld_reload_flag=-r
lt_cv_nm_interface='BSD nm'
lt_cv_objdir=.libs
lt_cv_path_LD=/usr/bin/ld
lt_cv_path_LDCXX='/usr/bin/ld -m elf_x86_64'
lt_cv_path_NM='/usr/bin/nm -B'
lt_cv_path_mainfest_tool=no
lt_cv_prog_compiler_c_o=yes
lt_cv_prog_compiler_c_o_CXX=yes
lt_cv_prog_compiler_pic='-fPIC -DPIC'
lt_cv_prog_compiler_pic_CXX='-fPIC -DPIC'
lt_cv_prog_compiler_pic_works=yes
lt_cv_prog_compiler_pic_works_CXX=yes
lt_cv_prog_compiler_rtti_exceptions=no
lt_cv_prog_compiler_static_works=yes
lt_cv_prog_compiler_static_works_CXX=yes
lt_cv_prog_gnu_ld=yes
lt_cv_prog_gnu_ldcxx=yes
lt_cv_sharedlib_from_linklib_cmd='printf %s\n'
lt_cv_shlibpath_overrides_runpath=yes
lt_cv_sys_global_symbol_pipe='/usr/bin/sed -n -e '\''s/^.*[	 ]\([ABCDGIRSTW][ABCDGIRSTW]*\)[	 ][	 ]*\([_A-Za-z][_A-Za-z0-9]*\)$/\1 \2 \2/p'\'' | /usr/bin/sed '\''/ __gnu_lto/d'\'''
lt_cv_sys_global_symbol_to_c_name_address='/usr/bin/sed -n -e '\''s/^: \(.*\) .*$/  {"\1", (void *) 0},/p'\'' -e '\''s/^[ABCDGIRSTW][ABCDGIRSTW]* .* \(.*\)$/  {"\1", (void *) \&\1},/p'\'''
lt_cv_sys_global_symbol_to_c_name_address_lib_prefix='/usr/bin/sed -n -e '\''s/^: \(.*\) .*$/  {"\1", (void *) 0},/p'\'' -e '\''s/^[ABCDGIRSTW][ABCDGIRSTW]* .* \(lib.*\)$/  {"\1", (void *) \&\1},/p'\'' -e '\''s/^[ABCDGIRSTW][ABCDGIRSTW]* .* \(.*\)$/  {"lib\1", (void *) \&\1},/p'\'''
lt_cv_sys_global_symbol_to_cdecl='/usr/bin/sed -n -e '\''s/^T .* \(.*\)$/extern int \1();/p'\'' -e '\''s/^[ABCDGIRSTW][ABCDGIRSTW]* .* \(.*\)$/extern char \1;/p'\'''
lt_cv_sys_global_symbol_to_import=
lt_cv_sys_max_cmd_len=1572864
lt_cv_to_host_file_cmd=func_convert_file_noop
lt_cv_to_tool_file_cmd=func_convert_file_noop
lt_cv_truncate_bin='/usr/bin/dd bs=4096 count=1'

## ----------------- ##
## Output variables. ##
## ----------------- ##

ACLOCAL='${SHELL} '\''/home/marcin/PWr/sem7/ZAAMP/ZAAMP2025/package-interp4cmds-2libs/missing'\'' aclocal-1.16'
AMDEPBACKSLASH='\'
AMDEP_FALSE='#'
AMDEP_TRUE=''
AMTAR='$${TAR-tar}'
AM_BACKSLASH='\'
AM_DEFAULT_V='$(AM_DEFAULT_VERBOSITY)'
AM_DEFAULT_VERBOSITY='1'
AM_V='$(V)'
AR='ar'
AUTOCONF='${SHELL} '\''/home/marcin/PWr/sem7/ZAAMP/ZAAMP2025/package-interp4cmds-2libs/missing'\'' autoconf'
AUTOHEADER='${SHELL} '\''/home/marcin/PWr/sem7/ZAAMP/ZAAMP2025/package-interp4cmds-2libs/missing'\'' autoheader'
AUTOMAKE='${SHELL} '\''/home/marcin/PWr/sem7/ZAAMP/ZAAMP2025/package-interp4cmds-2libs/missing'\'' automake-1.16'
AWK='gawk'
CC='gcc'
CCDEPMODE='depmode=gcc3'
CFLAGS='-g -O2'
CPPFLAGS=''
CSCOPE='cscope'
CTAGS='ctags'
CXX='g++'
CXXCPP='g++ -E'
CXXDEPMODE='depmode=gcc3'
CXXFLAGS='-g -O2'
CYGPATH_W='echo'
DEFS='-DHAVE_CONFIG_H'
DEPDIR='.deps'
DLLTOOL='false'
DSYMUTIL=''
DUMPBIN=''
ECHO_C=''
ECHO_N='-n'
ECHO_T=''
EGREP='/usr/bin/grep -E'
ETAGS='etags'
EXEEXT=''
FGREP='/usr/bin/grep -F'
FILECMD='file'
GREP='/usr/bin/grep'
INSTALL_DATA='${INSTALL} -m 644'
INSTALL_PROGRAM='${INSTALL}'
INSTALL_SCRIPT='${INSTALL}'
INSTALL_STRIP_PROGRAM='$(install_sh) -c -s'
LD='/usr/bin/ld -m elf_x86_64'
LDFLAGS=''
LIBOBJS=''
LIBS='-lxerces-c '
LIBTOOL='$(SHELL) $(top_builddir)/libtool'
LIB_DLOPEN=''
LIPO=''
LN_S='ln -s'
LTLIBOBJS=''
LT_SYS_LIBRARY_PATH=''
MAKEINFO='${SHELL} '\''/home/marcin/PWr/sem7/ZAAMP/ZAAMP2025/package-interp4cmds-2libs/missing'\'' makeinfo'
MANIFEST_TOOL=':'
MKDIR_P='/usr/bin/mkdir -p'
NM='/usr/bin/nm -B'
NMEDIT=''
OBJDUMP='objdump'
OBJEXT='o'
OTOOL64=''
OTOOL=''
PACKAGE='interp4cmds-2libs'
PACKAGE_BUGREPORT='mpozniak@diablo.iiar.pwr.wroc.pl'
PACKAGE_NAME='interp4cmds-2libs'
PACKAGE_STRING='interp4cmds-2libs 1.0'
PACKAGE_TARNAME='interp4cmds-2libs'
PACKAGE_URL=''
PACKAGE_VERSION='1.0'
PATH_SEPARATOR=':'
RANLIB='ranlib'
SED='/usr/bin/sed'
SET_MAKE=''
SHELL='/bin/bash'
STRIP='strip'
VERSION='1.0'
ac_ct_AR='ar'
ac_ct_CC='gcc'
ac_ct_CXX='g++'
ac_ct_DUMPBIN=''
am__EXEEXT_FALSE=''
am__EXEEXT_TRUE='#'
am__fastdepCC_FALSE='#'
am__fastdepCC_TRUE=''
am__fastdepCXX_FALSE='#'
am__fastdepCXX_TRUE=''
am__include='include'
am__isrc=''
am__leading_dot='.'
am__nodep='_no'
am__quote=''
am__tar='$${TAR-tar} chof - "$$tardir"'
am__untar='$${TAR-tar} xf -'
bindir='${exec_prefix}/bin'
build='x86_64-pc-linux-gnu'
build_alias=''
build_cpu='x86_64'
build_os='linux-gnu'
build_vendor='pc'
datadir='${datarootdir}'
datarootdir='${prefix}/share'
docdir='${datarootdir}/doc/${PACKAGE_TARNAME}'
dvidir='${docdir}'
exec_prefix='${prefix}'
host='x86_64-pc-linux-gnu'
host_alias=''
host_cpu='x86_64'
host_os='linux-gnu'
host_vendor='pc'
htmldir='${docdir}'
includedir='${prefix}/include'
infodir='${datarootdir}/info'
install_sh='${SHELL} /home/marcin/PWr/sem7/ZAAMP/ZAAMP2025/package-interp4cmds-2libs/install-sh'
libdir='${exec_prefix}/lib'
libexecdir='${exec_prefix}/libexec'
localedir='${datarootdir}/locale'
localstatedir='${prefix}/var'
mandir='${datarootdir}/man'
mkdir_p='$(MKDIR_P)'
oldincludedir='/usr/include'
pdfdir='${docdir}'
prefix='/usr/local'
program_transform_name='s,x,x,'
psdir='${docdir}'
runstatedir='${localstatedir}/run'
sbindir='${exec_prefix}/sbin'
sharedstatedir='${prefix}/com'
sysconfdir='${prefix}/etc'
target_alias=''

## ----------- ##
## confdefs.h. ##
## ----------- ##

/* confdefs.h */
#define PACKAGE_NAME "interp4cmds-2libs"
#define PACKAGE_TARNAME "interp4cmds-2libs"
#define PACKAGE_VERSION "1.0"
#define PACKAGE_STRING "interp4cmds-2libs 1.0"
#define PACKAGE_BUGREPORT "mpozniak@diablo.iiar.pwr.wroc.pl"
#define PACKAGE_URL ""
#define PACKAGE "interp4cmds-2libs"
#define VERSION "1.0"
#define HAVE_STDIO_H 1
#define HAVE_STDLIB_H 1
#define HAVE_STRING_H 1
#define HAVE_INTTYPES_H 1
#define HAVE_STDINT_H 1
#define HAVE_STRINGS_H 1
#define HAVE_SYS_STAT_H 1
#define HAVE_SYS_TYPES_H 1
#define HAVE_UNISTD_H 1
#define STDC_HEADERS 1
#define HAVE_DLFCN_H 1
#define LT_OBJDIR ".libs/"
#define HAVE_LIBXERCES_C 1

configure: exit 0
